d=-5 i=42 u=100
x=ff X=FF
c=A s=hi
nullstr=(null)
p=0x1234 null=0x0
pct=%
ld=5000000000 lu=5000000000 lx=12a05f200
[000000ff][   42][-0007]
min=-2147483648 lmin=-9223372036854775808
[   ab][  x][12345]
fp=7
unk=%z end
AAAAAAAAAAAAAAAAAAAAAAAAAAAAAAAAAAAAAAAAAAAAAAAAAAAAAAAAAAAAAAAAAAAAAAAAAAAAAAAAAAAAAAAAAAAAAAAAAAAAAAAAAAAAAAAAAAAAAAAAAAAAAAAAAAAAAAAAAAAAAAAAAAAAAAAAAAAAAAAAAAAAAAAAAAAAAAAAAAAAAAAAAAAAAAAAAAAAAAAAAAAAAAAAAAAAAAAAAAAAAAAAAAAAAAAAAAAAAAAAAAAAAAAAAAAAAAAAAAAAAAAAAAAAAAAAAAAAAAAAAAAAAAAAAAAAAAAAAAAA
selfcheck PASS
